{
    "@context": "http://localhost/odata/$metadata#Passengers(name)",
    "value": [
        {
            "name": "Gamma"
        },
        {
            "name": "Delta"
        },
        {
            "name": "Epsilon"
        }
    ]
}
