httpCode: 400
odataCode: option_boolean_invalid
message: 'The value of $count must be "true" or "false"'
