{
    "@context": "http://localhost/odata/$metadata#flights",
    "value": [
        {
            "origin": "lhr"
        },
        {
            "origin": "sam"
        }
    ]
}
