{
    "@context": "http://localhost/odata/$metadata#airports(code)",
    "@nextLink": "http://localhost/odata/airports?%24top=2&%24select=code&%24skip=2",
    "value": [
        {
            "code": "lhr"
        },
        {
            "code": "lax"
        }
    ]
}
