{
    "@context": "http://localhost/odata/$metadata#passengers/$entity",
    "@type": "#com.example.odata.passenger",
    "@id": "http://localhost/odata/passengers(1)",
    "@readLink": "http://localhost/odata/passengers(1)",
    "id": 1,
    "name": "Alpha",
    "age": 4,
    "dob": "2000-01-01T04:04:04+00:00",
    "chips": true,
    "dq": "2000-01-01",
    "in_role": "P1DT0S",
    "open_time": "05:05:05.000000",
    "flight_id": 1
}
