headers:
    cache-control: ['no-cache, private']
status: 404
