{
    "code": "test",
    "message": "test message",
    "target": "test target",
    "details": "test details",
    "innererror": "inner error"
}
