{
    "@context": "http://localhost/odata/$metadata",
    "value": [
        {
            "name": "example",
            "kind": "Function",
            "url": "example"
        },
        {
            "name": "example2",
            "kind": "Action",
            "url": "example2"
        }
    ]
}
