{
    "@context": "http://localhost/odata/$metadata",
    "value": [
        {
            "name": "passengers",
            "kind": "EntitySet",
            "url": "passengers"
        },
        {
            "name": "flights",
            "kind": "EntitySet",
            "url": "flights",
            "title": "Floots"
        },
        {
            "name": "airports",
            "kind": "EntitySet",
            "url": "airports"
        }
    ]
}
