{
    "@context": "http://localhost/odata/$metadata#Edm.Double",
    "value": "-INF"
}
