{
    "@context": "http://localhost/odata/$metadata#Edm.Binary",
    "value": "R0lGODlhAQABAIABAP///wAAACH5BAEKAAEALAAAAAABAAEAAAICTAEAOw=="
}
