{
    "error": {
        "code": "invalid_entity_set_suffix",
        "message": "The expected entity set suffix was not found"
    }
}
