[
    "concat(title, id) eq '123abc'",
    "SELECT test.`id` AS id, test.`title` AS title FROM test WHERE ( CONCAT( test.`title` , test.`id` ) = ? ) LIMIT ?",
    [
        "123abc",
        500
    ]
]