{
    "code": "unsupported_operator",
    "message": "This entity set does not support the operator \"substring\""
}
