{
    "@context": "http://localhost/odata/$metadata#examples",
    "value": []
}
