{
    "@context": "http://localhost/odata/$metadata#Edm.Double",
    "value": 4.2
}
