{
    "@context": "http://localhost/odata/$metadata#Flights(passengers(flight()))",
    "@readLink": "http://localhost/odata/Flights",
    "value": [
        {
            "@type": "#com.example.odata.Flight",
            "@id": "http://localhost/odata/Flights(1)",
            "@readLink": "http://localhost/odata/Flights(1)",
            "id": 1,
            "origin": "lhr",
            "destination": "lax",
            "gate": null,
            "duration": "PT11H25M0S",
            "passengers": [
                {
                    "@type": "#com.example.odata.Passenger",
                    "@id": "http://localhost/odata/Passengers(1)",
                    "@readLink": "http://localhost/odata/Passengers(1)",
                    "id": 1,
                    "flight_id": 1,
                    "name": "Alpha",
                    "dob": "2000-01-01T04:04:04+00:00",
                    "age": 4,
                    "chips": true,
                    "dq": "2000-01-01",
                    "in_role": "P1DT0S",
                    "open_time": "05:05:05.000000",
                    "colour": "Green",
                    "sock_colours": "Green,Blue",
                    "emails": [
                        "alpha@example.com",
                        "alpha@beta.com"
                    ],
                    "flight": {
                        "@type": "#com.example.odata.Flight",
                        "@id": "http://localhost/odata/Flights(1)",
                        "@readLink": "http://localhost/odata/Flights(1)",
                        "id": 1,
                        "origin": "lhr",
                        "destination": "lax",
                        "gate": null,
                        "duration": "PT11H25M0S"
                    },
                    "flight@navigationLink": "http://localhost/odata/Passengers(1)/flight"
                },
                {
                    "@type": "#com.example.odata.Passenger",
                    "@id": "http://localhost/odata/Passengers(3)",
                    "@readLink": "http://localhost/odata/Passengers(3)",
                    "id": 3,
                    "flight_id": 1,
                    "name": "Gamma",
                    "dob": "2002-03-03T06:06:06+00:00",
                    "age": 2,
                    "chips": true,
                    "dq": "2002-03-03",
                    "in_role": "P4DT32M41S",
                    "open_time": "07:07:07.000000",
                    "colour": "Blue",
                    "sock_colours": "Red,Green,Blue",
                    "emails": [
                        "gamma@example.com"
                    ],
                    "flight": {
                        "@type": "#com.example.odata.Flight",
                        "@id": "http://localhost/odata/Flights(1)",
                        "@readLink": "http://localhost/odata/Flights(1)",
                        "id": 1,
                        "origin": "lhr",
                        "destination": "lax",
                        "gate": null,
                        "duration": "PT11H25M0S"
                    },
                    "flight@navigationLink": "http://localhost/odata/Passengers(3)/flight"
                }
            ],
            "passengers@navigationLink": "http://localhost/odata/Flights(1)/passengers"
        },
        {
            "@type": "#com.example.odata.Flight",
            "@id": "http://localhost/odata/Flights(2)",
            "@readLink": "http://localhost/odata/Flights(2)",
            "id": 2,
            "origin": "sam",
            "destination": "rgr",
            "gate": null,
            "duration": "PT39M44S",
            "passengers": [],
            "passengers@navigationLink": "http://localhost/odata/Flights(2)/passengers"
        },
        {
            "@type": "#com.example.odata.Flight",
            "@id": "http://localhost/odata/Flights(3)",
            "@readLink": "http://localhost/odata/Flights(3)",
            "id": 3,
            "origin": "sfo",
            "destination": "lax",
            "gate": null,
            "duration": "PT35M33S",
            "passengers": [],
            "passengers@navigationLink": "http://localhost/odata/Flights(3)/passengers"
        }
    ]
}
