@@ @@
             "sock_colours": null,
             "shoe_colours": null,
             "emails": null
+        },
+        {
+            "id": 6,
+            "flight_id": 1,
+            "name": "Henry Horse",
+            "dob": null,
+            "age": null,
+            "chips": null,
+            "dq": null,
+            "in_role": null,
+            "open_time": null,
+            "colour": null,
+            "sock_colours": null,
+            "shoe_colours": null,
+            "emails": null
         }
     ],
     "pets": [
