{
    "@context": "http://localhost/odata/$metadata#airports(id,open_time)",
    "value": [
        {
            "id": 1,
            "open_time": "09:00:00.000000"
        },
        {
            "id": 3,
            "open_time": "15:00:00.000000"
        },
        {
            "id": 4,
            "open_time": "15:00:00.000000"
        }
    ]
}
