{
    "@context": "http://localhost/odata/$metadata#passengers(key)/$entity",
    "key": "7a3465"
}
