{
    "@context": "http://localhost/odata/$metadata#Collection($ref)/$entity",
    "id": 6,
    "flight_id": null,
    "name": "lhr",
    "dob": null,
    "age": null,
    "chips": null,
    "dq": null,
    "in_role": null,
    "open_time": null
}
