{
    "headers": {
        "preference-applied": [
            "return=minimal"
        ],
        "odata-entityid": [
            "http://localhost/odata/Passengers(6)"
        ],
        "cache-control": [
            "no-cache, private"
        ],
        "content-type": [
            "application/json"
        ]
    },
    "status": 204
}
