expression: length(origin) eq 1
result: ( length( origin ) eq 1 )
