expression: substring(origin,1) eq 'abc123'
result: ( SUBSTR( "flights"."origin", ( ? + 1 ), 2147483647 ) = ? )
parameters: 1,abc123
