expression: matchesPattern(origin,'^A.*e$')
result: matchesPattern( origin, '^A.*e$' )
