expression: matchesPattern(origin,'^A.*e$')
result: This entity set does not support the function "matchesPattern"
