{
    "error": {
        "code": "invalid_json",
        "message": "Invalid JSON was provided"
    }
}
