{
    "@context": "http://localhost/odata/$metadata#Edm.Single",
    "value": -3.14
}
