{
    "@context": "http://localhost/odata/$metadata#com.example.odata.flights(origin)",
    "value": [
        {
            "origin": "lhr"
        },
        {
            "origin": "sam"
        }
    ]
}
