httpCode: 400
odataCode: non_null_argument_missing
message: 'A non-null argument (a) is missing'
