httpCode: 500
odataCode: 'An operation must implement the invoke method'
message: 'Internal server error'
