{
    "@context": "http://localhost/odata/$metadata#Collection($ref)",
    "value": [
        {
            "@id": "disk('a1.txt')"
        },
        {
            "@id": "disk('d1/a1.txt')"
        }
    ]
}
