{
    "@context": "http://localhost/odata/$metadata#passengers",
    "@readLink": "http://localhost/odata/passengers",
    "value": [
        {
            "@type": "#com.example.odata.passenger",
            "@id": "http://localhost/odata/passengers(1)",
            "@readLink": "http://localhost/odata/passengers(1)",
            "id": 1,
            "name": "Alpha",
            "age": 4,
            "dob": "2000-01-01T04:04:04+00:00",
            "chips": true,
            "dq": "2000-01-01",
            "in_role": "P1DT0S",
            "open_time": "05:05:05.000000",
            "flight_id": 1
        },
        {
            "@type": "#com.example.odata.passenger",
            "@id": "http://localhost/odata/passengers(2)",
            "@readLink": "http://localhost/odata/passengers(2)",
            "id": 2,
            "name": "Beta",
            "age": 3,
            "dob": "2001-02-02T05:05:05+00:00",
            "chips": false,
            "dq": "2001-02-02",
            "in_role": "P2DT5H5M5.2999999999884S",
            "open_time": null,
            "flight_id": null
        },
        {
            "@type": "#com.example.odata.passenger",
            "@id": "http://localhost/odata/passengers(3)",
            "@readLink": "http://localhost/odata/passengers(3)",
            "id": 3,
            "name": "Gamma",
            "age": 2,
            "dob": "2002-03-03T06:06:06+00:00",
            "chips": true,
            "dq": "2002-03-03",
            "in_role": "P4DT32M41S",
            "open_time": "07:07:07.000000",
            "flight_id": 1
        },
        {
            "@type": "#com.example.odata.passenger",
            "@id": "http://localhost/odata/passengers(4)",
            "@readLink": "http://localhost/odata/passengers(4)",
            "id": 4,
            "name": "Delta",
            "age": null,
            "dob": null,
            "chips": null,
            "dq": null,
            "in_role": "PT2M7S",
            "open_time": null,
            "flight_id": null
        },
        {
            "@type": "#com.example.odata.passenger",
            "@id": "http://localhost/odata/passengers(5)",
            "@readLink": "http://localhost/odata/passengers(5)",
            "id": 5,
            "name": "Epsilon",
            "age": 2.4,
            "dob": "2003-04-04T07:07:07+00:00",
            "chips": null,
            "dq": "2003-04-04",
            "in_role": "PT14M48.9S",
            "open_time": "23:11:33.000000",
            "flight_id": null
        }
    ]
}
